<html>
<body>
<pre>
<h1>µVision Build Log</h1>
<h2>Tool Versions:</h2>
IDE-Version: µVision V5.18.0.0
Copyright (C) 2016 ARM Ltd and ARM Germany GmbH. All rights reserved.
License Information: Ilya Brodoline, ENSEA, LIC=----
 
Tool Versions:
Toolchain:       MDK-Lite  Version: 5.18
Toolchain Path:  C:\Keil_v5\ARM\ARMCC\Bin
C Compiler:      Armcc.exe V5.06 update 1 (build 61)
Assembler:       Armasm.exe V5.06 update 1 (build 61)
Linker/Locator:  ArmLink.exe V5.06 update 1 (build 61)
Library Manager: ArmAr.exe V5.06 update 1 (build 61)
Hex Converter:   FromElf.exe V5.06 update 1 (build 61)
CPU DLL:         SARMCM3.DLL V5.18
Dialog DLL:      DCM.DLL V1.13.6.0
Target DLL:      STLink\ST-LINKIII-KEIL_SWO.dll V2.0.18.0
Dialog DLL:      TCM.DLL V1.14.8.0
 
<h2>Project:</h2>
C:\devstm\STMCUBEmx\STM32L4roboule\MDK-ARM\STM32L4roboule.uvprojx
Project File Date:  01/11/2018

<h2>Output:</h2>
*** Using Compiler 'V5.06 update 1 (build 61)', folder: 'C:\Keil_v5\ARM\ARMCC\Bin'
Rebuild target 'STM32L4roboule'
assembling startup_stm32l432xx.s...
compiling basic_led.c...
compiling basic_i2c.c...
compiling basic_system.c...
compiling basic_usart.c...
compiling stm32l4xx_it.c...
compiling stm32l4xx_hal_msp.c...
compiling system_stm32l4xx.c...
compiling main.c...
compiling stm32l4xx_hal_pwr_ex.c...
compiling stm32l4xx_hal_dma_ex.c...
compiling stm32l4xx_hal_dma.c...
compiling stm32l4xx_hal_flash_ex.c...
compiling stm32l4xx_hal_flash_ramfunc.c...
compiling stm32l4xx_hal_pwr.c...
compiling stm32l4xx_hal_rcc.c...
compiling stm32l4xx_hal_cortex.c...
compiling stm32l4xx_hal.c...
compiling stm32l4xx_hal_flash.c...
compiling stm32l4xx_hal_tim_ex.c...
compiling stm32l4xx_hal_i2c_ex.c...
compiling stm32l4xx_hal_rcc_ex.c...
compiling stm32l4xx_hal_gpio.c...
compiling stm32l4xx_hal_tim.c...
compiling stm32l4xx_hal_i2c.c...
compiling stm32l4xx_hal_uart_ex.c...
compiling stm32l4xx_hal_uart.c...
compiling IMU6050.c...
compiling HC05.c...
linking...
Program Size: Code=7036 RO-data=500 RW-data=12 ZI-data=1244  
"STM32L4roboule\STM32L4roboule.axf" - 0 Error(s), 0 Warning(s).

<h2>Software Packages used:</h2>

Package Vendor: ARM
                http://www.keil.com/pack/ARM.CMSIS.5.0.1.pack
                ARM::CMSIS:CORE:5.0.1
                CMSIS (Cortex Microcontroller Software Interface Standard)
   * Component: CORE Version: 5.0.1

<h2>Collection of Component include folders:</h2>
  C:\devstm\STMCUBEmx\STM32L4roboule\MDK-ARM\RTE
  C:\Keil_v5\ARM\PACK\ARM\CMSIS\5.0.1\CMSIS\Include
  C:\Keil_v5\ARM\PACK\Keil\STM32L4xx_DFP\1.4.0\Device\Include

<h2>Collection of Component Files used:</h2>

   * Component: ARM::CMSIS:CORE:5.0.1
Build Time Elapsed:  00:01:03
</pre>
</body>
</html>
